1743331539096:cbb 1
1743333720647:cbi 1
1743334089740:ac
1743334403562:aa
1743334667591:ac
1743334674711:cbb 1
1743334711834:ac
1743334763051:cbb 1
1743335087773:cbi 2
1743335108719:cbi 3
1743335391582:cbb 1
1743335639403:ab
1743349745613:cbb 	1
1743349813472:ab
1743351116038:bbid 1
1743352268656:bbid 4
1743352276334:ab
1743352638914:bbid 4
1743352677542:bbid 1
1743352918706:ab
1743356976134:bbid 1
1743357782291:ab
1743357887608:bbid 1
1744103204968:ab
1744103436539:bdel 32173029040865140134727470090
1744103438866:ab
1744103457273:bins 1 1 2
1744103508394:bins 1 [1 aa] [1 gg]
1744103525556:bins 1 1 {1 gg}
1744103560398:bins 1 1 [[1 gg]]
1744103587383:bins 1 1 [{1 gg}]
1744103661049:Failed to convert from type [java.util.LinkedHashSet<?>] to type [java.util.Set<ru.otus.hw.models.Genre>] for value [[...]]
1744103667890:bins 1 1 [{1, gg}]
1744103708248:bins 1 1 [{id: 1 name: gg}]
1744105192206:bins 1 aa g1, g2
1744105204572:ab
1744105260692:bupd 32173061761968844610361771412 repka aa g1, g2
1744105263879:ab
1744105296965:cbb 32173062130903726084552803734
1744105364546:cbb 32173061761968844610361771412
1744105570761:ac
1744105595731:cbi 32173068798719889427806414908
1744105791620:ab
1744105794459:ac
1744105806611:cins c2 32173073097149935731248601063
1744105809444:ac
1744106055315:cbi 32173077498106060282178619079
1744106083298:cbb 32173077498106060282178619079
1744106103094:cbi 32173077498106060282178619082
1744106140415:cbb 32173077498106060282178619079
1744106441983:ac
1744106461393:cbb 32173085132957466361152968393
1744106552056:ac
1744106567911:cdel 32173086832609220370541662035
1744106570868:ac
1744106619404:cins gggggggggggggggggggggg 32173086832609220370541662032
1744106621845:ac
1744106746480:cbb 32173086832609220370541662032
1744110552944:ab
1744112020730:ac
1744112030426:cbdel 1
1744112033199:ac
1744112074369:cbdel 1
1744113865951:ac
1744113873022:cbdel 1
1744114028584:cbdel
1744114039407:cbdel 1
1744122146802:ac
1744122175284:cbdel 1
1744122178211:ac
1744122289516:cbdel 1
1744122292619:ac
1744122895582:cbdel 1
1744122936886:cmdel 1
1744122942893:cbdel 1
1744137342918:ac
1744137681001:cbdel 1
1744137683496:ac
1744137893620:bdel 1
1744138029100:ab
1744138033645:ac
1744227873195:cins hhh 2
1744227882269:cins ewrwerwer 1
1744227885099:ac
1744227898749:cbdel 1
1744227901242:ac
1744227904811:ab
1744227924496:bins sdfdf sdfsdf fd,ff
1744227933774:exit
1748841363594:ag
1748841442316:gupd 1 t
1748842003211:qupd 1 rr
1748842022278:gupd 1 rr
1748842121311:gupd 1 e
1748842284891:gupd 1 rr
1748843483768:gupd 1 gg
1748843510071:ag
1748843514222:ab
1748843533573:gupd 2 ff
1748843537671:ab
1748843542633:ag
1748843645049:gupd 2 g
1748843651489:ag
1748843653658:ab
1748843670192:gdel 2
1748843677955:ag
1748843680212:ab
1748843688997:gdel 1
1748843704617:ab
1748843719232:ag
1748843735492:ab
1748843742535:gdel 2
1748843748345:ab
1748843754443:ag
1748843758604:gdel 1
1748843764445:ab
1748843769789:ag
1748843781945:gdel 1
1748843785985:ab
1748846745571:bins t 1 1,2
1748846753536:ab
1748846781860:bups 683d4899c447462bde5d71ff newT 2 2
1748846802415:bupd 683d4899c447462bde5d71ff newt 2 2
1748846809110:ab
1748981138380:ac
1748981152075:cbdel 2
1748981155949:ac
1748982151031:ab
1748982168701:aupd 2 gg
1748982172349:ab
