1743331539096:cbb 1
1743333720647:cbi 1
1743334089740:ac
1743334403562:aa
1743334667591:ac
1743334674711:cbb 1
1743334711834:ac
1743334763051:cbb 1
1743335087773:cbi 2
1743335108719:cbi 3
1743335391582:cbb 1
1743335639403:ab
1743349745613:cbb 	1
1743349813472:ab
1743351116038:bbid 1
1743352268656:bbid 4
1743352276334:ab
1743352638914:bbid 4
1743352677542:bbid 1
1743352918706:ab
1743356976134:bbid 1
1743357782291:ab
1743357887608:bbid 1
1743932879053:bbid 22
1743933463372:bins 1 1 6
1743933483133:bins 1 1 2
1743933634036:bins 1 1 6
1743934754081:ишты 1 1 6
1743934760433:bins 1 1 6
1743934987467:bdel 4
1743935010620:ba
1743935020110:ab
1743935040319:bupd 3 2 5
1743935102931:bupd 3 2?5
1743935112370:bupd 3 2,5
1743935146389:bins 1 1,6
1743935181190:ab
1743935222745:bupd 3, "tt", 2 5
1743935282046:bupd 3 ff 2 5
1743935494502:ab
1743935505959:bins 1 1 6
1743955724705:ab
1743955732880:bbid 1
1743955741648:bins 1 1 6
1743955749839:ab
1743955771248:cbi 1
1743955777472:cbb 1
1743955797859:bdel 4
1743955800033:ab
1743955814051:bupd 3 2 5
1743955839734:bupd 3 gg 2 5
1743955844628:ab
1744529810771:ac
1744529828260:cbb 1
1744529953899:cbi 1
1744530037025:exit
